// Jest Snapshot v1, https://goo.gl/fbAQLP

exports[`SgIcon renders correctly 1`] = `<span class="icon">user</span>`;
